// Jest Snapshot v1, https://goo.gl/fbAQLP

exports[`renders correctly 1`] = `
<DocumentFragment>
  .c0 {
  background-color: #eee;
}

.c1 {
  font-size: larger;
  color: #000;
  font-weight: bolder;
  text-align: right;
}

.c1:hover,
.c1.active {
  font-weight: bolder;
}

.c1:hover {
  -webkit-text-decoration: underline;
  text-decoration: underline;
  -webkit-text-decoration-color: #8ac0ff;
  text-decoration-color: #8ac0ff;
  text-underline-offset: 8px;
}

@media only screen and (max-width:600px) {
  .c1:hover {
    -webkit-text-decoration: none;
    text-decoration: none;
  }
}

<nav
    class="c0 mb-3 navbar navbar-expand-lg navbar-light"
  >
    <a
      aria-label="LibraCoin Logo"
      class="navbar-brand"
      href="https://github.com/lbragile/LibraCoin"
    >
      <img
        alt="LibraCoin Logo"
        height="64"
        src="undefined/images/lc-192.png"
        width="64"
      />
    </a>
    <button
      aria-controls="basic-navbar-nav"
      aria-label="Toggle navigation"
      class="navbar-toggler collapsed"
      type="button"
    >
      <span
        class="navbar-toggler-icon"
      />
    </button>
    <div
      class="navbar-collapse collapse"
      id="basic-navbar-nav"
    >
      <div
        class="ml-auto navbar-nav"
      >
        <a
          class="c1 nav-link"
          data-rb-event-key="/LibraCoin/wallet"
          href="/LibraCoin/wallet"
        >
          Wallet
        </a>
        <a
          class="c1 nav-link"
          data-rb-event-key="/LibraCoin/mine"
          href="/LibraCoin/mine"
        >
          Mine
        </a>
        <a
          class="c1 nav-link"
          data-rb-event-key="/LibraCoin/blockchain"
          href="/LibraCoin/blockchain"
        >
          Blockchain
        </a>
      </div>
    </div>
  </nav>
</DocumentFragment>
`;
