// Jest Snapshot v1, https://goo.gl/fbAQLP

exports[`renders correctly 1`] = `
<DocumentFragment>
  .c0 {
  margin: 0 1rem;
  padding: 1em;
  border-radius: 6px;
  border: 1px solid black;
  background-color: #1f1f1f;
}

.c1.c1.c1 {
  font-weight: bold;
}

<form
    aria-label="Sign Form"
    class="c0 col-12 col-lg-5"
    novalidate=""
  >
    <div
      class="input-group"
    >
      <div
        class="input-group-prepend"
      >
        <span
          class="c1 input-group-text"
        >
          Sender Public Key
        </span>
      </div>
      <input
        aria-label="Sender Public Key"
        class="text-truncate rounded-right form-control"
        name="from"
        readonly=""
        type="text"
        value="3059301306072a8648ce3d020106082a8648ce3d030107034200048fa7d69599babb"
      />
    </div>
    <small
      class="text-light form-text"
    >
      Used to verify transaction was signed using your private key
    </small>
    <div
      class="my-2 input-group"
    >
      <div
        class="input-group-prepend"
      >
        <span
          class="c1 input-group-text"
        >
          Receiver Public Key
        </span>
      </div>
      <input
        aria-label="Receiver PK"
        class="text-truncate rounded-right form-control"
        name="to"
        required=""
        type="text"
        value=""
      />
    </div>
    <div
      class="mb-2 input-group"
    >
      <input
        aria-label="Sign Amount"
        class="form-control"
        name="amount"
        placeholder="1.00"
        required=""
        step="any"
        type="number"
        value=""
      />
      <div
        class="input-group-append"
      >
        <span
          class="c1 rounded-right border-left-0 input-group-text"
        >
          LC
        </span>
      </div>
    </div>
    <div
      class="mb-2 input-group"
    >
      <div
        class="input-group-prepend"
      >
        <span
          class="c1 input-group-text"
        >
          Message
        </span>
      </div>
      <textarea
        aria-label="Sign Message"
        class="form-control"
        name="msg"
        placeholder="optional message..."
        rows="2"
      />
    </div>
    <div
      class="input-group"
    >
      <div
        class="input-group-prepend"
      >
        <span
          class="c1 input-group-text"
        >
          Sender Private Key
        </span>
      </div>
      <input
        aria-label="Sender Private Key"
        class="text-truncate form-control"
        name="fromSK"
        readonly=""
        type="text"
        value="308187020100301306072a8648ce3d020106082a8648ce3d030107046d306b020101042047979df7cebe59dd7bf901"
      />
    </div>
    <small
      class="text-light form-text"
    >
      Not shared with anyone, keep this secret!
    </small>
    <button
      aria-label="Sign Button"
      class="mt-2 btn btn-primary btn-block"
      type="submit"
    >
      <b>
        Sign
      </b>
    </button>
  </form>
</DocumentFragment>
`;
