// Jest Snapshot v1, https://goo.gl/fbAQLP

exports[`in preview mode starts off invalid, but after mining turns valid 1`] = `
<DocumentFragment>
  <div
    class="container-fluid row d-flex justify-content-center mx-auto my-3"
  >
    <form
      aria-label="Block Statistics"
      class="col-11 col-lg-5 mx-3"
    >
      <div
        class="my-2 input-group"
      >
        <div
          class="input-group-prepend"
        >
          <span
            class="input-group-text"
          >
            Nonce
          </span>
        </div>
        <input
          aria-label="Block Nonce"
          class="form-control"
          disabled=""
          name="nonce"
          type="number"
          value="0"
        />
      </div>
      <div
        class="my-2 input-group"
      >
        <div
          class="input-group-prepend"
        >
          <span
            class="input-group-text"
          >
            Header
          </span>
        </div>
        <input
          aria-label="Block Header"
          class="form-control"
          disabled=""
          name="header"
          type="number"
          value="0"
        />
      </div>
      <div
        class="my-2 input-group"
      >
        <div
          class="input-group-prepend"
        >
          <span
            class="input-group-text"
          >
            Target
          </span>
        </div>
        <input
          aria-label="Block Target"
          class="text-truncate form-control"
          name="target"
          readonly=""
          type="text"
          value=""
        />
      </div>
      <div
        class="my-2 input-group"
      >
        <div
          class="input-group-prepend"
        >
          <span
            class="input-group-text"
          >
            Sol'n
          </span>
        </div>
        <input
          aria-label="Block Solution"
          class="text-truncate invalid-solution form-control"
          name="solution"
          readonly=""
          type="text"
          value=""
        />
      </div>
      <button
        aria-label="Block Mine"
        class="btn-block d-block mt-2 btn btn-primary"
        type="button"
      >
        <h4
          class="my-1"
        >
          Mine
        </h4>
      </button>
    </form>
    <form
      aria-label="Block Form"
      class="col-10 col-lg-5 my-4 my-lg-0 p-2 rounded invalid-block"
    >
      <div
        class="mb-2 input-group"
      >
        <div
          class="input-group-prepend"
        >
          <span
            class="input-group-text"
          >
            Index
          </span>
        </div>
        <input
          aria-label="Block Index"
          class="form-control"
          disabled=""
          name="index"
          type="number"
          value="2"
        />
      </div>
      <div
        class="my-2 input-group"
      >
        <div
          class="input-group-prepend"
        >
          <span
            class="input-group-text"
          >
            Timestamp
          </span>
        </div>
        <input
          aria-label="Block Timestamp"
          class="form-control"
          disabled=""
          name="timestamp"
          type="number"
          value="1619913600000"
        />
      </div>
      <div
        class="my-2 input-group"
      >
        <div
          class="input-group-prepend"
        >
          <span
            class="input-group-text"
          >
            Previous #
          </span>
        </div>
        <input
          aria-label="Block PrevHash"
          class="text-truncate form-control"
          name="prevHash"
          readonly=""
          type="text"
          value="AAAAAAAAAAAAAAAAAAAAAAAAAAAAAAAAAAAAAAAAAAAAAAAAAAAAAAAAAAAAAAAA"
        />
      </div>
      <div
        class="my-2 input-group"
      >
        <div
          class="input-group-prepend"
        >
          <span
            class="input-group-text"
          >
            Current #
          </span>
        </div>
        <input
          aria-label="Block CurrHash"
          class="text-truncate form-control"
          name="currHash"
          readonly=""
          type="text"
          value="BBBBBBBBBBBBBBBBBBBBBBBBBBBBBBBBBBBBBBBBBBBBBBBBBBBBBBBBBBBBBBBB"
        />
      </div>
      <div
        class="mt-2 input-group"
      >
        <div
          class="input-group-prepend"
        >
          <span
            class="input-group-text"
          >
            Merkle #
          </span>
        </div>
        <input
          aria-label="Block Merkle"
          class="text-truncate form-control"
          name="merkleRoot"
          readonly=""
          type="text"
          value="previewMerkle"
        />
      </div>
    </form>
  </div>
</DocumentFragment>
`;
