// Jest Snapshot v1, https://goo.gl/fbAQLP

exports[`renders correctly 1`] = `
<DocumentFragment>
  <div
    class="container-fluid row d-flex align-items-center justify-content-center mx-1 mt-0 mt-lg-5 mb-0 mb-lg-5"
  >
    <div
      class="user-key col-12 col-lg-5 px-0 mr-0 mr-lg-3 input-group"
    >
      <div
        class="input-group-prepend"
      >
        <span
          class="input-group-text"
        >
          Public
        </span>
      </div>
      <textarea
        aria-label="publicKey"
        class="rounded-right form-control"
        readonly=""
        rows="4"
      >
        3059301306072a8648ce3d020106082a8648ce3d030107034200048fa7d69599babb
      </textarea>
      <div
        class="valid-feedback"
      >
        Copied to clipboard!
      </div>
    </div>
    <div
      class="user-key col-12 col-lg-5 px-0 input-group"
    >
      <div
        class="input-group-prepend"
      >
        <span
          class="input-group-text"
        >
          Private
        </span>
      </div>
      <textarea
        aria-label="privateKey"
        class="form-control"
        readonly=""
        rows="4"
      >
        ◦◦◦◦◦◦◦◦◦◦◦◦◦◦◦◦◦◦◦◦◦◦◦◦◦◦◦◦◦◦◦◦◦◦◦◦◦◦◦◦◦◦◦◦◦◦◦◦◦◦◦◦◦◦◦◦◦◦◦◦◦◦◦◦◦◦◦◦◦◦◦◦◦◦◦◦◦◦◦◦◦◦◦◦◦◦◦◦◦◦◦◦◦◦
      </textarea>
      <div
        class="input-group-append"
      >
        <span
          class="rounded-right input-group-text"
        >
          <span
            id="private-reveal-eyes"
          >
            👀
          </span>
        </span>
      </div>
      <div
        class="valid-feedback"
      >
        Copied to clipboard!
      </div>
    </div>
  </div>
</DocumentFragment>
`;
