// Jest Snapshot v1, https://goo.gl/fbAQLP

exports[`0 selected transactions 1`] = `
<DocumentFragment>
  <div
    class="w-100 mb-2 text-center"
  >
    <h3
      class="font-weight-bold w-25 mx-auto text-light"
    >
      Merkle Tree Visualization
    </h3>
    <p
      class="my-3 w-75 mx-auto text-light"
    >
      Please select a verified transaction from above...
    </p>
  </div>
</DocumentFragment>
`;

exports[`1 selected transactions 1`] = `
<DocumentFragment>
  .c0 {
  width: 11%;
  height: 35px;
  color: #FEFEFE;
  background: transparent;
}

.c0.c0.c0 {
  border-top: none;
}

.c1 {
  width: 11%;
  height: 35px;
  color: #FEFEFE;
  background: #2CA355;
}

.c1.c1.c1 {
  border-top: none;
}

<div
    class="w-100 mb-2 text-center"
  >
    <h3
      class="font-weight-bold w-25 mx-auto text-light"
    >
      Merkle Tree Visualization
    </h3>
    <div
      class="table-responsive"
    >
      <table
        aria-label="Preview Table"
        class="w-75 mx-auto my-1 text-center table table-sm"
        role="grid"
      >
        <tbody
          role="presentation"
        >
          <tr>
            <td
              class="c0"
              title=""
              type="[object Object]"
            />
            <td
              class="c0"
              title=""
              type="[object Object]"
            />
            <td
              class="c0"
              title=""
              type="[object Object]"
            />
            <td
              class="c0"
              title=""
              type="[object Object]"
            />
            <td
              class="c1"
              title="AB1.23"
              type="[object Object]"
            >
              AB1.23
            </td>
            <td
              class="c0"
              title=""
              type="[object Object]"
            />
            <td
              class="c0"
              title=""
              type="[object Object]"
            />
            <td
              class="c0"
              title=""
              type="[object Object]"
            />
            <td
              class="c0"
              title=""
              type="[object Object]"
            />
          </tr>
        </tbody>
      </table>
    </div>
  </div>
</DocumentFragment>
`;

exports[`2 selected transactions 1`] = `
<DocumentFragment>
  .c0 {
  width: 11%;
  height: 35px;
  color: #FEFEFE;
  background: transparent;
}

.c0.c0.c0 {
  border-top: none;
}

.c1 {
  width: 11%;
  height: 35px;
  color: #FEFEFE;
  background: #2CA355;
}

.c1.c1.c1 {
  border-top: none;
}

.c2 {
  width: 11%;
  height: 35px;
  color: #FEFEFE;
  background: linear-gradient(to top left,transparent calc(50% - 1px),#777,transparent calc(50% + 1px));
}

.c2.c2.c2 {
  border-top: none;
}

.c3 {
  width: 11%;
  height: 35px;
  color: #FEFEFE;
  background: linear-gradient(to top right,transparent calc(50% - 1px),#777,transparent calc(50% + 1px));
}

.c3.c3.c3 {
  border-top: none;
}

.c4 {
  width: 11%;
  height: 35px;
  color: #FEFEFE;
  background: #2641A3;
}

.c4.c4.c4 {
  border-top: none;
}

<div
    class="w-100 mb-2 text-center"
  >
    <h3
      class="font-weight-bold w-25 mx-auto text-light"
    >
      Merkle Tree Visualization
    </h3>
    <div
      class="table-responsive"
    >
      <table
        aria-label="Preview Table"
        class="w-75 mx-auto my-1 text-center table table-sm"
        role="grid"
      >
        <tbody
          role="presentation"
        >
          <tr>
            <td
              class="c0"
              title=""
              type="[object Object]"
            />
            <td
              class="c0"
              title=""
              type="[object Object]"
            />
            <td
              class="c0"
              title=""
              type="[object Object]"
            />
            <td
              class="c0"
              title=""
              type="[object Object]"
            />
            <td
              class="c1"
              title="random message"
              type="[object Object]"
            >
              random message
            </td>
            <td
              class="c0"
              title=""
              type="[object Object]"
            />
            <td
              class="c0"
              title=""
              type="[object Object]"
            />
            <td
              class="c0"
              title=""
              type="[object Object]"
            />
            <td
              class="c0"
              title=""
              type="[object Object]"
            />
          </tr>
          <tr>
            <td
              class="c0"
              type="[object Object]"
            />
            <td
              class="c0"
              type="[object Object]"
            />
            <td
              class="c0"
              type="[object Object]"
            />
            <td
              class="c2"
              type="[object Object]"
            />
            <td
              class="c0"
              type="[object Object]"
            />
            <td
              class="c3"
              type="[object Object]"
            />
            <td
              class="c0"
              type="[object Object]"
            />
            <td
              class="c0"
              type="[object Object]"
            />
            <td
              class="c0"
              type="[object Object]"
            />
          </tr>
          <tr>
            <td
              class="c0"
              title=""
              type="[object Object]"
            />
            <td
              class="c0"
              title=""
              type="[object Object]"
            />
            <td
              class="c4"
              title="AB1.23"
              type="[object Object]"
            >
              AB1.23
            </td>
            <td
              class="c0"
              title=""
              type="[object Object]"
            />
            <td
              class="c0"
              title=""
              type="[object Object]"
            />
            <td
              class="c0"
              title=""
              type="[object Object]"
            />
            <td
              class="c4"
              title="AC456.78"
              type="[object Object]"
            >
              AC456.78
            </td>
            <td
              class="c0"
              title=""
              type="[object Object]"
            />
            <td
              class="c0"
              title=""
              type="[object Object]"
            />
          </tr>
        </tbody>
      </table>
    </div>
  </div>
</DocumentFragment>
`;

exports[`3 selected transactions 1`] = `
<DocumentFragment>
  .c0 {
  width: 11%;
  height: 35px;
  color: #FEFEFE;
  background: transparent;
}

.c0.c0.c0 {
  border-top: none;
}

.c1 {
  width: 11%;
  height: 35px;
  color: #FEFEFE;
  background: #2CA355;
}

.c1.c1.c1 {
  border-top: none;
}

.c2 {
  width: 11%;
  height: 35px;
  color: #FEFEFE;
  background: linear-gradient(to top left,transparent calc(50% - 1px),#777,transparent calc(50% + 1px));
}

.c2.c2.c2 {
  border-top: none;
}

.c3 {
  width: 11%;
  height: 35px;
  color: #FEFEFE;
  background: linear-gradient(to top right,transparent calc(50% - 1px),#777,transparent calc(50% + 1px));
}

.c3.c3.c3 {
  border-top: none;
}

.c4 {
  width: 11%;
  height: 35px;
  color: #FEFEFE;
  background: #EE964B;
}

.c4.c4.c4 {
  border-top: none;
}

.c5 {
  width: 11%;
  height: 35px;
  color: #FEFEFE;
  background: linear-gradient(to left,transparent calc(50% - 1px),#777,transparent calc(50% + 1px));
}

.c5.c5.c5 {
  border-top: none;
}

.c6 {
  width: 11%;
  height: 35px;
  color: #FEFEFE;
  background: #2641A3;
}

.c6.c6.c6 {
  border-top: none;
}

<div
    class="w-100 mb-2 text-center"
  >
    <h3
      class="font-weight-bold w-25 mx-auto text-light"
    >
      Merkle Tree Visualization
    </h3>
    <div
      class="table-responsive"
    >
      <table
        aria-label="Preview Table"
        class="w-75 mx-auto my-1 text-center table table-sm"
        role="grid"
      >
        <tbody
          role="presentation"
        >
          <tr>
            <td
              class="c0"
              title=""
              type="[object Object]"
            />
            <td
              class="c0"
              title=""
              type="[object Object]"
            />
            <td
              class="c0"
              title=""
              type="[object Object]"
            />
            <td
              class="c0"
              title=""
              type="[object Object]"
            />
            <td
              class="c1"
              title="random message"
              type="[object Object]"
            >
              random message
            </td>
            <td
              class="c0"
              title=""
              type="[object Object]"
            />
            <td
              class="c0"
              title=""
              type="[object Object]"
            />
            <td
              class="c0"
              title=""
              type="[object Object]"
            />
            <td
              class="c0"
              title=""
              type="[object Object]"
            />
          </tr>
          <tr>
            <td
              class="c0"
              type="[object Object]"
            />
            <td
              class="c0"
              type="[object Object]"
            />
            <td
              class="c0"
              type="[object Object]"
            />
            <td
              class="c2"
              type="[object Object]"
            />
            <td
              class="c0"
              type="[object Object]"
            />
            <td
              class="c3"
              type="[object Object]"
            />
            <td
              class="c0"
              type="[object Object]"
            />
            <td
              class="c0"
              type="[object Object]"
            />
            <td
              class="c0"
              type="[object Object]"
            />
          </tr>
          <tr>
            <td
              class="c0"
              title=""
              type="[object Object]"
            />
            <td
              class="c0"
              title=""
              type="[object Object]"
            />
            <td
              class="c4"
              title="random message"
              type="[object Object]"
            >
              random message
            </td>
            <td
              class="c0"
              title=""
              type="[object Object]"
            />
            <td
              class="c0"
              title=""
              type="[object Object]"
            />
            <td
              class="c0"
              title=""
              type="[object Object]"
            />
            <td
              class="c4"
              title="AD999.99"
              type="[object Object]"
            >
              AD999.99
            </td>
            <td
              class="c0"
              title=""
              type="[object Object]"
            />
            <td
              class="c0"
              title=""
              type="[object Object]"
            />
          </tr>
          <tr>
            <td
              class="c0"
              type="[object Object]"
            />
            <td
              class="c2"
              type="[object Object]"
            />
            <td
              class="c5"
              type="[object Object]"
            />
            <td
              class="c0"
              type="[object Object]"
            />
            <td
              class="c0"
              type="[object Object]"
            />
            <td
              class="c0"
              type="[object Object]"
            />
            <td
              class="c5"
              type="[object Object]"
            />
            <td
              class="c0"
              type="[object Object]"
            />
            <td
              class="c0"
              type="[object Object]"
            />
          </tr>
          <tr>
            <td
              class="c6"
              title="AB1.23"
              type="[object Object]"
            >
              AB1.23
            </td>
            <td
              class="c0"
              title=""
              type="[object Object]"
            />
            <td
              class="c6"
              title="AC456.78"
              type="[object Object]"
            >
              AC456.78
            </td>
            <td
              class="c0"
              title=""
              type="[object Object]"
            />
            <td
              class="c0"
              title=""
              type="[object Object]"
            />
            <td
              class="c0"
              title=""
              type="[object Object]"
            />
            <td
              class="c6"
              title="AD999.99"
              type="[object Object]"
            >
              AD999.99
            </td>
            <td
              class="c0"
              title=""
              type="[object Object]"
            />
            <td
              class="c0"
              type="[object Object]"
            />
          </tr>
        </tbody>
      </table>
    </div>
  </div>
</DocumentFragment>
`;

exports[`4 selected transactions 1`] = `
<DocumentFragment>
  .c0 {
  width: 11%;
  height: 35px;
  color: #FEFEFE;
  background: transparent;
}

.c0.c0.c0 {
  border-top: none;
}

.c1 {
  width: 11%;
  height: 35px;
  color: #FEFEFE;
  background: #2CA355;
}

.c1.c1.c1 {
  border-top: none;
}

.c2 {
  width: 11%;
  height: 35px;
  color: #FEFEFE;
  background: linear-gradient(to top left,transparent calc(50% - 1px),#777,transparent calc(50% + 1px));
}

.c2.c2.c2 {
  border-top: none;
}

.c3 {
  width: 11%;
  height: 35px;
  color: #FEFEFE;
  background: linear-gradient(to top right,transparent calc(50% - 1px),#777,transparent calc(50% + 1px));
}

.c3.c3.c3 {
  border-top: none;
}

.c4 {
  width: 11%;
  height: 35px;
  color: #FEFEFE;
  background: #EE964B;
}

.c4.c4.c4 {
  border-top: none;
}

.c5 {
  width: 11%;
  height: 35px;
  color: #FEFEFE;
  background: linear-gradient(to left,transparent calc(50% - 1px),#777,transparent calc(50% + 1px));
}

.c5.c5.c5 {
  border-top: none;
}

.c6 {
  width: 11%;
  height: 35px;
  color: #FEFEFE;
  background: #2641A3;
}

.c6.c6.c6 {
  border-top: none;
}

<div
    class="w-100 mb-2 text-center"
  >
    <h3
      class="font-weight-bold w-25 mx-auto text-light"
    >
      Merkle Tree Visualization
    </h3>
    <div
      class="table-responsive"
    >
      <table
        aria-label="Preview Table"
        class="w-75 mx-auto my-1 text-center table table-sm"
        role="grid"
      >
        <tbody
          role="presentation"
        >
          <tr>
            <td
              class="c0"
              title=""
              type="[object Object]"
            />
            <td
              class="c0"
              title=""
              type="[object Object]"
            />
            <td
              class="c0"
              title=""
              type="[object Object]"
            />
            <td
              class="c0"
              title=""
              type="[object Object]"
            />
            <td
              class="c1"
              title="random message"
              type="[object Object]"
            >
              random message
            </td>
            <td
              class="c0"
              title=""
              type="[object Object]"
            />
            <td
              class="c0"
              title=""
              type="[object Object]"
            />
            <td
              class="c0"
              title=""
              type="[object Object]"
            />
            <td
              class="c0"
              title=""
              type="[object Object]"
            />
          </tr>
          <tr>
            <td
              class="c0"
              type="[object Object]"
            />
            <td
              class="c0"
              type="[object Object]"
            />
            <td
              class="c0"
              type="[object Object]"
            />
            <td
              class="c2"
              type="[object Object]"
            />
            <td
              class="c0"
              type="[object Object]"
            />
            <td
              class="c3"
              type="[object Object]"
            />
            <td
              class="c0"
              type="[object Object]"
            />
            <td
              class="c0"
              type="[object Object]"
            />
            <td
              class="c0"
              type="[object Object]"
            />
          </tr>
          <tr>
            <td
              class="c0"
              title=""
              type="[object Object]"
            />
            <td
              class="c0"
              title=""
              type="[object Object]"
            />
            <td
              class="c4"
              title="random message"
              type="[object Object]"
            >
              random message
            </td>
            <td
              class="c0"
              title=""
              type="[object Object]"
            />
            <td
              class="c0"
              title=""
              type="[object Object]"
            />
            <td
              class="c0"
              title=""
              type="[object Object]"
            />
            <td
              class="c4"
              title="random message"
              type="[object Object]"
            >
              random message
            </td>
            <td
              class="c0"
              title=""
              type="[object Object]"
            />
            <td
              class="c0"
              title=""
              type="[object Object]"
            />
          </tr>
          <tr>
            <td
              class="c0"
              type="[object Object]"
            />
            <td
              class="c2"
              type="[object Object]"
            />
            <td
              class="c5"
              type="[object Object]"
            />
            <td
              class="c0"
              type="[object Object]"
            />
            <td
              class="c0"
              type="[object Object]"
            />
            <td
              class="c0"
              type="[object Object]"
            />
            <td
              class="c5"
              type="[object Object]"
            />
            <td
              class="c3"
              type="[object Object]"
            />
            <td
              class="c0"
              type="[object Object]"
            />
          </tr>
          <tr>
            <td
              class="c6"
              title="AB1.23"
              type="[object Object]"
            >
              AB1.23
            </td>
            <td
              class="c0"
              title=""
              type="[object Object]"
            />
            <td
              class="c6"
              title="AC456.78"
              type="[object Object]"
            >
              AC456.78
            </td>
            <td
              class="c0"
              title=""
              type="[object Object]"
            />
            <td
              class="c0"
              title=""
              type="[object Object]"
            />
            <td
              class="c0"
              title=""
              type="[object Object]"
            />
            <td
              class="c6"
              title="AD999.99"
              type="[object Object]"
            >
              AD999.99
            </td>
            <td
              class="c0"
              title=""
              type="[object Object]"
            />
            <td
              class="c6"
              title="AE987.65"
              type="[object Object]"
            >
              AE987.65
            </td>
          </tr>
        </tbody>
      </table>
    </div>
  </div>
</DocumentFragment>
`;

exports[`renders correctly 1`] = `
<DocumentFragment>
  .c0 {
  width: 11%;
  height: 35px;
  color: #FEFEFE;
  background: transparent;
}

.c0.c0.c0 {
  border-top: none;
}

.c1 {
  width: 11%;
  height: 35px;
  color: #FEFEFE;
  background: #2CA355;
}

.c1.c1.c1 {
  border-top: none;
}

<div
    class="w-100 mb-2 text-center"
  >
    <h3
      class="font-weight-bold w-25 mx-auto text-light"
    >
      Merkle Tree Visualization
    </h3>
    <div
      class="table-responsive"
    >
      <table
        aria-label="Preview Table"
        class="w-75 mx-auto my-1 text-center table table-sm"
        role="grid"
      >
        <tbody
          role="presentation"
        >
          <tr>
            <td
              class="c0"
              title=""
              type="[object Object]"
            />
            <td
              class="c0"
              title=""
              type="[object Object]"
            />
            <td
              class="c0"
              title=""
              type="[object Object]"
            />
            <td
              class="c0"
              title=""
              type="[object Object]"
            />
            <td
              class="c1"
              title="AC456.78"
              type="[object Object]"
            >
              AC456.78
            </td>
            <td
              class="c0"
              title=""
              type="[object Object]"
            />
            <td
              class="c0"
              title=""
              type="[object Object]"
            />
            <td
              class="c0"
              title=""
              type="[object Object]"
            />
            <td
              class="c0"
              title=""
              type="[object Object]"
            />
          </tr>
        </tbody>
      </table>
    </div>
  </div>
</DocumentFragment>
`;
